2025-07-19 11:01:39,586 WARNING:  * Debugger is active!
2025-07-19 11:01:39,587 INFO:  * Debugger PIN: 104-930-372
2025-07-19 11:02:25,440 INFO:  * Detected change in 'e:\\Quant_Dashboard\\utils.py', reloading
2025-07-19 11:02:26,912 WARNING:  * Debugger is active!
2025-07-19 11:02:26,914 INFO:  * Debugger PIN: 104-930-372
2025-07-19 11:02:41,656 INFO:  * Detected change in 'e:\\Quant_Dashboard\\utils.py', reloading
2025-07-19 11:02:43,146 WARNING:  * Debugger is active!
2025-07-19 11:02:43,148 INFO:  * Debugger PIN: 104-930-372
2025-07-19 11:08:20,494 INFO:  * Detected change in 'e:\\Quant_Dashboard\\app.py', reloading
2025-07-19 11:08:22,114 -  * Debugger is active!
2025-07-19 11:08:22,116 -  * Debugger PIN: 104-930-372
2025-07-19 11:08:31,500 - Strategy: MACD, Signal: BUY
2025-07-19 11:08:31,509 - CSV report generated: report_2025-07-19_11-08-31.csv
2025-07-19 11:08:31,517 - 127.0.0.1 - - [19/Jul/2025 11:08:31] "POST / HTTP/1.1" 200 -
2025-07-19 11:08:50,800 - Strategy: MACD, Signal: BUY
2025-07-19 11:08:50,802 - CSV report generated: report_2025-07-19_11-08-50.csv
2025-07-19 11:08:50,803 - 127.0.0.1 - - [19/Jul/2025 11:08:50] "POST / HTTP/1.1" 200 -
2025-07-19 11:09:35,690 -  * Detected change in 'e:\\Quant_Dashboard\\app.py', reloading
2025-07-19 11:09:37,340 WARNING:  * Debugger is active!
2025-07-19 11:09:37,341 INFO:  * Debugger PIN: 104-930-372
2025-07-19 11:09:50,245 INFO:  * Detected change in 'e:\\Quant_Dashboard\\app.py', reloading
2025-07-19 11:09:51,839 WARNING:  * Debugger is active!
2025-07-19 11:09:51,841 INFO:  * Debugger PIN: 104-930-372
2025-07-19 11:10:02,237 INFO: CSV report generated: report_2025-07-19_11-10-02.csv
2025-07-19 11:10:02,240 INFO: 127.0.0.1 - - [19/Jul/2025 11:10:02] "POST / HTTP/1.1" 200 -
2025-07-19 11:10:10,846 INFO: CSV report generated: report_2025-07-19_11-10-10.csv
2025-07-19 11:10:10,846 INFO: 127.0.0.1 - - [19/Jul/2025 11:10:10] "POST / HTTP/1.1" 200 -
2025-07-19 11:12:55,690 INFO:  * Detected change in 'e:\\Quant_Dashboard\\utils.py', reloading
2025-07-19 11:12:57,182 WARNING:  * Debugger is active!
2025-07-19 11:12:57,183 INFO:  * Debugger PIN: 104-930-372
2025-07-19 11:14:01,678 INFO:  * Detected change in 'e:\\Quant_Dashboard\\utils.py', reloading
2025-07-19 11:14:03,232 WARNING:  * Debugger is active!
2025-07-19 11:14:03,234 INFO:  * Debugger PIN: 104-930-372
2025-07-19 11:14:34,084 INFO:  * Detected change in 'e:\\Quant_Dashboard\\app.py', reloading
2025-07-19 11:14:35,585 WARNING:  * Debugger is active!
2025-07-19 11:14:35,586 INFO:  * Debugger PIN: 104-930-372
2025-07-19 11:14:47,566 INFO: CSV report saved: reports\MACD_Strategy_20250719_111447.csv
2025-07-19 11:14:47,570 INFO: 127.0.0.1 - - [19/Jul/2025 11:14:47] "POST / HTTP/1.1" 200 -
2025-07-19 11:15:18,676 INFO: CSV report saved: reports\MACD_Strategy_20250719_111518.csv
2025-07-19 11:15:18,678 INFO: 127.0.0.1 - - [19/Jul/2025 11:15:18] "POST / HTTP/1.1" 200 -
2025-07-19 11:19:28,415 INFO:  * Detected change in 'e:\\Quant_Dashboard\\utils.py', reloading
2025-07-19 11:19:30,585 WARNING:  * Debugger is active!
2025-07-19 11:19:30,588 INFO:  * Debugger PIN: 104-930-372
2025-07-19 11:22:37,188 INFO:  * Detected change in 'e:\\Quant_Dashboard\\app.py', reloading
2025-07-19 11:25:08,951 INFO: [31m[1mWARNING: This is a development server. Do not use it in a production deployment. Use a production WSGI server instead.[0m
 * Running on http://127.0.0.1:5000
2025-07-19 11:25:08,951 INFO: [33mPress CTRL+C to quit[0m
2025-07-19 11:25:08,953 INFO:  * Restarting with stat
2025-07-19 11:25:10,472 WARNING:  * Debugger is active!
2025-07-19 11:25:10,473 INFO:  * Debugger PIN: 104-930-372
2025-07-19 11:26:00,929 INFO:  * Detected change in 'e:\\Quant_Dashboard\\app.py', reloading
2025-07-19 11:26:01,137 INFO:  * Restarting with stat
2025-07-19 11:26:02,798 WARNING:  * Debugger is active!
2025-07-19 11:26:02,800 INFO:  * Debugger PIN: 104-930-372
2025-07-19 11:26:05,877 INFO:  * Detected change in 'e:\\Quant_Dashboard\\app.py', reloading
2025-07-19 11:26:06,067 INFO:  * Restarting with stat
2025-07-19 11:26:07,705 WARNING:  * Debugger is active!
2025-07-19 11:26:07,707 INFO:  * Debugger PIN: 104-930-372
2025-07-19 11:26:16,994 INFO: [31m[1mWARNING: This is a development server. Do not use it in a production deployment. Use a production WSGI server instead.[0m
 * Running on http://127.0.0.1:5000
2025-07-19 11:26:16,994 INFO: [33mPress CTRL+C to quit[0m
2025-07-19 11:26:16,995 INFO:  * Restarting with stat
2025-07-19 11:26:18,465 WARNING:  * Debugger is active!
2025-07-19 11:26:18,467 INFO:  * Debugger PIN: 104-930-372
2025-07-19 11:26:36,656 INFO:  * Detected change in 'e:\\Quant_Dashboard\\app.py', reloading
2025-07-19 11:26:36,921 INFO:  * Restarting with stat
2025-07-19 11:26:38,476 WARNING:  * Debugger is active!
2025-07-19 11:26:38,478 INFO:  * Debugger PIN: 104-930-372
2025-07-19 11:27:31,232 INFO:  * Detected change in 'e:\\Quant_Dashboard\\app.py', reloading
2025-07-19 11:27:31,430 INFO:  * Restarting with stat
2025-07-19 11:27:32,913 WARNING:  * Debugger is active!
2025-07-19 11:27:32,914 INFO:  * Debugger PIN: 104-930-372
2025-07-19 11:27:36,493 INFO: [31m[1mWARNING: This is a development server. Do not use it in a production deployment. Use a production WSGI server instead.[0m
 * Running on http://127.0.0.1:5001
2025-07-19 11:27:36,493 INFO: [33mPress CTRL+C to quit[0m
2025-07-19 11:27:36,495 INFO:  * Restarting with stat
2025-07-19 11:27:38,003 WARNING:  * Debugger is active!
2025-07-19 11:27:38,005 INFO:  * Debugger PIN: 104-930-372
2025-07-19 11:27:48,898 INFO: [31m[1mWARNING: This is a development server. Do not use it in a production deployment. Use a production WSGI server instead.[0m
 * Running on http://127.0.0.1:5001
2025-07-19 11:27:48,899 INFO: [33mPress CTRL+C to quit[0m
2025-07-19 11:27:48,900 INFO:  * Restarting with stat
2025-07-19 11:27:50,375 WARNING:  * Debugger is active!
2025-07-19 11:27:50,377 INFO:  * Debugger PIN: 104-930-372
2025-07-19 11:28:22,917 INFO: [31m[1mWARNING: This is a development server. Do not use it in a production deployment. Use a production WSGI server instead.[0m
 * Running on http://127.0.0.1:5000
2025-07-19 11:28:22,917 INFO: [33mPress CTRL+C to quit[0m
2025-07-19 11:29:46,832 INFO: [31m[1mWARNING: This is a development server. Do not use it in a production deployment. Use a production WSGI server instead.[0m
 * Running on http://127.0.0.1:5000
2025-07-19 11:29:46,832 INFO: [33mPress CTRL+C to quit[0m
2025-07-19 11:30:03,360 INFO: 127.0.0.1 - - [19/Jul/2025 11:30:03] "GET / HTTP/1.1" 200 -
2025-07-19 11:30:10,358 ERROR: Exception occurred: 'macd'
2025-07-19 11:30:10,358 INFO: 127.0.0.1 - - [19/Jul/2025 11:30:10] "POST / HTTP/1.1" 200 -
